--------------------------------------------------------------------------------
Release 14.7 Trace  (nt64)
Copyright (c) 1995-2013 Xilinx, Inc.  All rights reserved.

C:\Xilinx\14.7\ISE_DS\ISE\bin\nt64\unwrapped\trce.exe -intstyle ise -v 3 -s 3
-n 3 -fastpaths -xml Main.twx Main.ncd -o Main.twr Main.pcf -ucf Main.ucf

Design file:              Main.ncd
Physical constraint file: Main.pcf
Device,package,speed:     xc6slx9,tqg144,C,-3 (PRODUCTION 1.23 2013-10-13)
Report level:             verbose report

Environment Variable      Effect 
--------------------      ------ 
NONE                      No environment variables were set
--------------------------------------------------------------------------------

INFO:Timing:2698 - No timing constraints found, doing default enumeration.
INFO:Timing:3412 - To improve timing, see the Timing Closure User Guide (UG612).
INFO:Timing:2752 - To get complete path coverage, use the unconstrained paths 
   option. All paths that are not constrained will be reported in the 
   unconstrained paths section(s) of the report.
INFO:Timing:3339 - The clock-to-out numbers in this timing report are based on 
   a 50 Ohm transmission line loading model.  For the details of this model, 
   and for more information on accounting for different loading conditions, 
   please see the device datasheet.



Data Sheet report:
-----------------
All values displayed in nanoseconds (ns)

Setup/Hold to clock OSC
------------+------------+------------+------------+------------+------------------+--------+
            |Max Setup to|  Process   |Max Hold to |  Process   |                  | Clock  |
Source      | clk (edge) |   Corner   | clk (edge) |   Corner   |Internal Clock(s) | Phase  |
------------+------------+------------+------------+------------+------------------+--------+
Reset       |    4.007(R)|      SLOW  |   -1.946(R)|      FAST  |OSC_IBUFG         |   0.000|
------------+------------+------------+------------+------------+------------------+--------+

Clock OSC to Pad
------------+-----------------+------------+-----------------+------------+------------------+--------+
            |Max (slowest) clk|  Process   |Min (fastest) clk|  Process   |                  | Clock  |
Destination |  (edge) to PAD  |   Corner   |  (edge) to PAD  |   Corner   |Internal Clock(s) | Phase  |
------------+-----------------+------------+-----------------+------------+------------------+--------+
SegmentDp   |        11.512(R)|      SLOW  |         6.830(R)|      FAST  |OSC_IBUFG         |   0.000|
------------+-----------------+------------+-----------------+------------+------------------+--------+

Clock StartStop to Pad
------------+-----------------+------------+-----------------+------------+------------------+--------+
            |Max (slowest) clk|  Process   |Min (fastest) clk|  Process   |                  | Clock  |
Destination |  (edge) to PAD  |   Corner   |  (edge) to PAD  |   Corner   |Internal Clock(s) | Phase  |
------------+-----------------+------------+-----------------+------------+------------------+--------+
SegmentDp   |         9.819(R)|      SLOW  |         5.621(R)|      FAST  |XLXN_236          |   0.000|
------------+-----------------+------------+-----------------+------------+------------------+--------+

Clock State_7 to Pad
------------+-----------------+------------+-----------------+------------+------------------+--------+
            |Max (slowest) clk|  Process   |Min (fastest) clk|  Process   |                  | Clock  |
Destination |  (edge) to PAD  |   Corner   |  (edge) to PAD  |   Corner   |Internal Clock(s) | Phase  |
------------+-----------------+------------+-----------------+------------+------------------+--------+
SegmentDp   |        10.707(R)|      SLOW  |         6.192(R)|      FAST  |XLXN_236          |   0.000|
------------+-----------------+------------+-----------------+------------+------------------+--------+

Clock State_8 to Pad
------------+-----------------+------------+-----------------+------------+------------------+--------+
            |Max (slowest) clk|  Process   |Min (fastest) clk|  Process   |                  | Clock  |
Destination |  (edge) to PAD  |   Corner   |  (edge) to PAD  |   Corner   |Internal Clock(s) | Phase  |
------------+-----------------+------------+-----------------+------------+------------------+--------+
SegmentDp   |        10.953(R)|      SLOW  |         6.361(R)|      FAST  |XLXN_236          |   0.000|
------------+-----------------+------------+-----------------+------------+------------------+--------+

Clock to Setup on destination clock OSC
---------------+---------+---------+---------+---------+
               | Src:Rise| Src:Fall| Src:Rise| Src:Fall|
Source Clock   |Dest:Rise|Dest:Rise|Dest:Fall|Dest:Fall|
---------------+---------+---------+---------+---------+
OSC            |    1.485|         |         |         |
StartStop      |    7.685|         |         |         |
State_7        |    7.685|    5.848|         |         |
State_8        |    7.685|    6.094|         |         |
---------------+---------+---------+---------+---------+

Clock to Setup on destination clock StartStop
---------------+---------+---------+---------+---------+
               | Src:Rise| Src:Fall| Src:Rise| Src:Fall|
Source Clock   |Dest:Rise|Dest:Rise|Dest:Fall|Dest:Fall|
---------------+---------+---------+---------+---------+
StartStop      |    0.923|         |         |         |
State_7        |    0.923|         |         |         |
State_8        |    0.923|         |         |         |
---------------+---------+---------+---------+---------+

Clock to Setup on destination clock State_7
---------------+---------+---------+---------+---------+
               | Src:Rise| Src:Fall| Src:Rise| Src:Fall|
Source Clock   |Dest:Rise|Dest:Rise|Dest:Fall|Dest:Fall|
---------------+---------+---------+---------+---------+
StartStop      |    0.923|         |         |         |
State_7        |    0.923|         |         |         |
State_8        |    0.923|         |         |         |
---------------+---------+---------+---------+---------+

Clock to Setup on destination clock State_8
---------------+---------+---------+---------+---------+
               | Src:Rise| Src:Fall| Src:Rise| Src:Fall|
Source Clock   |Dest:Rise|Dest:Rise|Dest:Fall|Dest:Fall|
---------------+---------+---------+---------+---------+
StartStop      |    0.923|         |         |         |
State_7        |    0.923|         |         |         |
State_8        |    0.923|         |         |         |
---------------+---------+---------+---------+---------+

Pad to Pad
---------------+---------------+---------+
Source Pad     |Destination Pad|  Delay  |
---------------+---------------+---------+
State_1        |L0_P82         |    9.034|
State_1        |P11            |   11.119|
State_1        |Segment<0>     |    9.433|
State_1        |Segment<1>     |    9.715|
State_1        |Segment<2>     |    9.092|
State_1        |Segment<3>     |    9.678|
State_1        |Segment<4>     |    9.275|
State_1        |Segment<5>     |    9.780|
State_1        |Segment<6>     |   10.268|
State_2        |L0_P82         |    8.864|
State_2        |L1_P81         |    9.523|
State_2        |P9             |   11.769|
State_2        |P11            |   10.949|
State_2        |Segment<0>     |    9.997|
State_2        |Segment<1>     |    9.785|
State_2        |Segment<2>     |    9.721|
State_2        |Segment<3>     |   10.374|
State_2        |Segment<4>     |    9.646|
State_2        |Segment<5>     |   10.572|
State_2        |Segment<6>     |   10.456|
State_3        |L0_P82         |    9.044|
State_3        |L1_P81         |    9.137|
State_3        |P9             |   11.383|
State_3        |P11            |   11.129|
State_3        |Segment<0>     |    9.611|
State_3        |Segment<1>     |    9.725|
State_3        |Segment<2>     |    9.335|
State_3        |Segment<3>     |    9.988|
State_3        |Segment<4>     |    9.285|
State_3        |Segment<5>     |   10.186|
State_3        |Segment<6>     |   10.278|
State_4        |L0_P82         |    8.729|
State_4        |L1_P81         |    8.922|
State_4        |L2_P80         |    8.177|
State_4        |P7             |   11.253|
State_4        |P9             |   11.168|
State_4        |P11            |   10.814|
State_4        |Segment<0>     |    9.396|
State_4        |Segment<1>     |    9.410|
State_4        |Segment<2>     |    9.305|
State_4        |Segment<3>     |    9.773|
State_4        |Segment<4>     |    9.045|
State_4        |Segment<5>     |    9.971|
State_4        |Segment<6>     |    9.997|
State_5        |L0_P82         |    8.946|
State_5        |L1_P81         |    9.105|
State_5        |L2_P80         |    8.501|
State_5        |P7             |   11.577|
State_5        |P9             |   11.351|
State_5        |P11            |   11.031|
State_5        |Segment<0>     |    9.579|
State_5        |Segment<1>     |    9.627|
State_5        |Segment<2>     |    9.629|
State_5        |Segment<3>     |    9.956|
State_5        |Segment<4>     |    9.367|
State_5        |Segment<5>     |   10.158|
State_5        |Segment<6>     |   10.321|
State_6        |L0_P82         |    9.303|
State_6        |L1_P81         |    9.459|
State_6        |L2_P80         |    9.088|
State_6        |P7             |   12.164|
State_6        |P9             |   11.705|
State_6        |P11            |   11.388|
State_6        |Segment<0>     |    9.933|
State_6        |Segment<1>     |    9.984|
State_6        |Segment<2>     |   10.216|
State_6        |Segment<3>     |   10.310|
State_6        |Segment<4>     |    9.954|
State_6        |Segment<5>     |   10.745|
State_6        |Segment<6>     |   10.908|
State_7        |Digit0         |    9.744|
State_7        |Digit1         |    9.655|
State_7        |Digit2         |   10.189|
State_7        |Digit3         |    9.705|
State_7        |L0_P82         |   10.775|
State_7        |L1_P81         |   10.517|
State_7        |L2_P80         |   10.522|
State_7        |P7             |   13.598|
State_7        |P9             |   12.763|
State_7        |P11            |   12.860|
State_7        |Segment<0>     |   11.174|
State_7        |Segment<1>     |   11.456|
State_7        |Segment<2>     |   11.650|
State_7        |Segment<3>     |   11.619|
State_7        |Segment<4>     |   11.388|
State_7        |Segment<5>     |   12.179|
State_7        |Segment<6>     |   12.342|
State_7        |SegmentDp      |    9.956|
State_8        |Digit0         |    9.990|
State_8        |Digit1         |    9.901|
State_8        |Digit2         |   10.435|
State_8        |Digit3         |    9.951|
State_8        |L0_P82         |   11.021|
State_8        |L1_P81         |   10.763|
State_8        |L2_P80         |   10.768|
State_8        |L3_P79         |    6.901|
State_8        |P5             |   10.557|
State_8        |P7             |   13.844|
State_8        |P9             |   13.009|
State_8        |P11            |   13.106|
State_8        |Segment<0>     |   11.420|
State_8        |Segment<1>     |   11.702|
State_8        |Segment<2>     |   11.896|
State_8        |Segment<3>     |   11.865|
State_8        |Segment<4>     |   11.634|
State_8        |Segment<5>     |   12.425|
State_8        |Segment<6>     |   12.588|
State_8        |SegmentDp      |   10.202|
---------------+---------------+---------+


Analysis completed Wed Dec 14 04:52:14 2022 
--------------------------------------------------------------------------------

Trace Settings:
-------------------------
Trace Settings 

Peak Memory Usage: 4571 MB



