--------------------------------------------------------------------------------
Release 14.7 Trace  (nt64)
Copyright (c) 1995-2013 Xilinx, Inc.  All rights reserved.

C:\Xilinx\14.7\ISE_DS\ISE\bin\nt64\unwrapped\trce.exe -intstyle ise -v 3 -s 3
-n 3 -fastpaths -xml Main.twx Main.ncd -o Main.twr Main.pcf -ucf Main.ucf

Design file:              Main.ncd
Physical constraint file: Main.pcf
Device,package,speed:     xc6slx9,tqg144,C,-3 (PRODUCTION 1.23 2013-10-13)
Report level:             verbose report

Environment Variable      Effect 
--------------------      ------ 
NONE                      No environment variables were set
--------------------------------------------------------------------------------

INFO:Timing:2698 - No timing constraints found, doing default enumeration.
INFO:Timing:3412 - To improve timing, see the Timing Closure User Guide (UG612).
INFO:Timing:2752 - To get complete path coverage, use the unconstrained paths 
   option. All paths that are not constrained will be reported in the 
   unconstrained paths section(s) of the report.
INFO:Timing:3339 - The clock-to-out numbers in this timing report are based on 
   a 50 Ohm transmission line loading model.  For the details of this model, 
   and for more information on accounting for different loading conditions, 
   please see the device datasheet.



Data Sheet report:
-----------------
All values displayed in nanoseconds (ns)

Pad to Pad
---------------+---------------+---------+
Source Pad     |Destination Pad|  Delay  |
---------------+---------------+---------+
OSC            |Driver         |    6.781|
State_1        |L0_P82         |    8.796|
State_1        |P11            |   10.870|
State_1        |Segment0       |    9.121|
State_1        |Segment1       |    9.196|
State_1        |Segment2       |    8.687|
State_1        |Segment3       |    9.055|
State_1        |Segment4       |    8.637|
State_1        |Segment5       |    9.317|
State_1        |Segment6       |    9.703|
State_2        |L0_P82         |    8.103|
State_2        |L1_P81         |   10.990|
State_2        |P9             |   12.065|
State_2        |P11            |   10.177|
State_2        |Segment0       |    9.098|
State_2        |Segment1       |    9.446|
State_2        |Segment2       |    9.180|
State_2        |Segment3       |    9.126|
State_2        |Segment4       |    8.855|
State_2        |Segment5       |   10.029|
State_2        |Segment6       |   10.539|
State_3        |L0_P82         |    8.216|
State_3        |L1_P81         |   11.144|
State_3        |P9             |   12.219|
State_3        |P11            |   10.290|
State_3        |Segment0       |    9.252|
State_3        |Segment1       |    9.600|
State_3        |Segment2       |    9.334|
State_3        |Segment3       |    9.280|
State_3        |Segment4       |    9.009|
State_3        |Segment5       |   10.183|
State_3        |Segment6       |   10.693|
State_4        |L0_P82         |    8.491|
State_4        |L1_P81         |   10.995|
State_4        |L2_P80         |    8.659|
State_4        |P7             |   11.502|
State_4        |P9             |   12.070|
State_4        |P11            |   10.565|
State_4        |Segment0       |    9.103|
State_4        |Segment1       |    9.451|
State_4        |Segment2       |    9.185|
State_4        |Segment3       |    9.131|
State_4        |Segment4       |    8.860|
State_4        |Segment5       |   10.034|
State_4        |Segment6       |   10.544|
State_5        |L0_P82         |    8.807|
State_5        |L1_P81         |   10.924|
State_5        |L2_P80         |    8.814|
State_5        |P7             |   11.657|
State_5        |P9             |   11.999|
State_5        |P11            |   10.881|
State_5        |Segment0       |    9.132|
State_5        |Segment1       |    9.380|
State_5        |Segment2       |    9.114|
State_5        |Segment3       |    9.066|
State_5        |Segment4       |    8.789|
State_5        |Segment5       |    9.963|
State_5        |Segment6       |   10.473|
State_6        |L0_P82         |    8.827|
State_6        |L1_P81         |   11.123|
State_6        |L2_P80         |    9.054|
State_6        |P7             |   11.897|
State_6        |P9             |   12.198|
State_6        |P11            |   10.901|
State_6        |Segment0       |    9.302|
State_6        |Segment1       |    9.579|
State_6        |Segment2       |    9.313|
State_6        |Segment3       |    9.259|
State_6        |Segment4       |    8.988|
State_6        |Segment5       |   10.162|
State_6        |Segment6       |   10.672|
State_7        |L0_P82         |    9.077|
State_7        |L1_P81         |   11.221|
State_7        |L2_P80         |    9.073|
State_7        |P7             |   11.916|
State_7        |P9             |   12.296|
State_7        |P11            |   11.151|
State_7        |Segment0       |    9.402|
State_7        |Segment1       |    9.677|
State_7        |Segment2       |    9.411|
State_7        |Segment3       |    9.357|
State_7        |Segment4       |    9.086|
State_7        |Segment5       |   10.260|
State_7        |Segment6       |   10.770|
State_8        |L0_P82         |    9.416|
State_8        |L1_P81         |   11.529|
State_8        |L2_P80         |    9.225|
State_8        |L3_P79         |    6.480|
State_8        |P5             |    9.842|
State_8        |P7             |   12.068|
State_8        |P9             |   12.604|
State_8        |P11            |   11.490|
State_8        |Segment0       |    9.741|
State_8        |Segment1       |    9.985|
State_8        |Segment2       |    9.719|
State_8        |Segment3       |    9.675|
State_8        |Segment4       |    9.394|
State_8        |Segment5       |   10.568|
State_8        |Segment6       |   11.078|
---------------+---------------+---------+


Analysis completed Mon Dec 12 22:45:27 2022 
--------------------------------------------------------------------------------

Trace Settings:
-------------------------
Trace Settings 

Peak Memory Usage: 4571 MB



