--------------------------------------------------------------------------------
Release 14.7 Trace  (nt64)
Copyright (c) 1995-2013 Xilinx, Inc.  All rights reserved.

C:\Xilinx\14.7\ISE_DS\ISE\bin\nt64\unwrapped\trce.exe -intstyle ise -v 3 -s 3
-n 3 -fastpaths -xml LAB6.twx LAB6.ncd -o LAB6.twr LAB6.pcf -ucf LAB6.ucf

Design file:              LAB6.ncd
Physical constraint file: LAB6.pcf
Device,package,speed:     xc6slx9,tqg144,C,-3 (PRODUCTION 1.23 2013-10-13)
Report level:             verbose report

Environment Variable      Effect 
--------------------      ------ 
NONE                      No environment variables were set
--------------------------------------------------------------------------------

INFO:Timing:2698 - No timing constraints found, doing default enumeration.
INFO:Timing:3412 - To improve timing, see the Timing Closure User Guide (UG612).
INFO:Timing:2752 - To get complete path coverage, use the unconstrained paths 
   option. All paths that are not constrained will be reported in the 
   unconstrained paths section(s) of the report.
INFO:Timing:3339 - The clock-to-out numbers in this timing report are based on 
   a 50 Ohm transmission line loading model.  For the details of this model, 
   and for more information on accounting for different loading conditions, 
   please see the device datasheet.



Data Sheet report:
-----------------
All values displayed in nanoseconds (ns)

Clock button to Pad
------------+-----------------+------------+-----------------+------------+------------------+--------+
            |Max (slowest) clk|  Process   |Min (fastest) clk|  Process   |                  | Clock  |
Destination |  (edge) to PAD  |   Corner   |  (edge) to PAD  |   Corner   |Internal Clock(s) | Phase  |
------------+-----------------+------------+-----------------+------------+------------------+--------+
a_P41       |        10.286(R)|      SLOW  |         5.487(R)|      FAST  |XLXI_65/XLXN_13   |   0.000|
            |        12.058(R)|      SLOW  |         6.818(R)|      FAST  |XLXI_65/XLXN_14   |   0.000|
            |        12.794(R)|      SLOW  |         7.606(R)|      FAST  |XLXI_65/XLXN_15   |   0.000|
b_P40       |        10.555(R)|      SLOW  |         5.594(R)|      FAST  |XLXI_65/XLXN_13   |   0.000|
            |        12.143(R)|      SLOW  |         6.925(R)|      FAST  |XLXI_65/XLXN_14   |   0.000|
            |        12.922(R)|      SLOW  |         7.698(R)|      FAST  |XLXI_65/XLXN_15   |   0.000|
buzzer      |        11.094(R)|      SLOW  |         6.156(R)|      FAST  |XLXI_65/XLXN_14   |   0.000|
            |        11.685(R)|      SLOW  |         6.798(R)|      FAST  |XLXI_65/XLXN_15   |   0.000|
c_P35       |        10.306(R)|      SLOW  |         5.408(R)|      FAST  |XLXI_65/XLXN_13   |   0.000|
            |        11.894(R)|      SLOW  |         6.739(R)|      FAST  |XLXI_65/XLXN_14   |   0.000|
            |        12.570(R)|      SLOW  |         7.406(R)|      FAST  |XLXI_65/XLXN_15   |   0.000|
d_P34       |        10.330(R)|      SLOW  |         5.355(R)|      FAST  |XLXI_65/XLXN_13   |   0.000|
            |        11.918(R)|      SLOW  |         6.636(R)|      FAST  |XLXI_65/XLXN_14   |   0.000|
            |        12.611(R)|      SLOW  |         7.441(R)|      FAST  |XLXI_65/XLXN_15   |   0.000|
e_P32       |        10.025(R)|      SLOW  |         5.410(R)|      FAST  |XLXI_65/XLXN_13   |   0.000|
            |        11.613(R)|      SLOW  |         6.741(R)|      FAST  |XLXI_65/XLXN_14   |   0.000|
            |        12.658(R)|      SLOW  |         7.439(R)|      FAST  |XLXI_65/XLXN_15   |   0.000|
f_P29       |        10.957(R)|      SLOW  |         5.744(R)|      FAST  |XLXI_65/XLXN_13   |   0.000|
            |        12.545(R)|      SLOW  |         7.075(R)|      FAST  |XLXI_65/XLXN_14   |   0.000|
            |        13.185(R)|      SLOW  |         7.661(R)|      FAST  |XLXI_65/XLXN_15   |   0.000|
g_P27       |        11.046(R)|      SLOW  |         5.641(R)|      FAST  |XLXI_65/XLXN_13   |   0.000|
            |        12.634(R)|      SLOW  |         6.990(R)|      FAST  |XLXI_65/XLXN_14   |   0.000|
            |        13.200(R)|      SLOW  |         7.533(R)|      FAST  |XLXI_65/XLXN_15   |   0.000|
------------+-----------------+------------+-----------------+------------+------------------+--------+

Clock to Setup on destination clock OSC
---------------+---------+---------+---------+---------+
               | Src:Rise| Src:Fall| Src:Rise| Src:Fall|
Source Clock   |Dest:Rise|Dest:Rise|Dest:Fall|Dest:Fall|
---------------+---------+---------+---------+---------+
OSC            |    1.562|         |         |         |
---------------+---------+---------+---------+---------+

Clock to Setup on destination clock button
---------------+---------+---------+---------+---------+
               | Src:Rise| Src:Fall| Src:Rise| Src:Fall|
Source Clock   |Dest:Rise|Dest:Rise|Dest:Fall|Dest:Fall|
---------------+---------+---------+---------+---------+
button         |    1.574|         |         |         |
---------------+---------+---------+---------+---------+

Pad to Pad
---------------+---------------+---------+
Source Pad     |Destination Pad|  Delay  |
---------------+---------------+---------+
button         |a_P41          |   10.078|
button         |b_P40          |    9.952|
button         |buzzer         |    8.750|
button         |c_P35          |    9.505|
button         |d_P34          |    9.709|
button         |e_P32          |    9.517|
button         |f_P29          |   10.424|
button         |g_P27          |   10.240|
---------------+---------------+---------+


Analysis completed Mon Dec 12 02:35:21 2022 
--------------------------------------------------------------------------------

Trace Settings:
-------------------------
Trace Settings 

Peak Memory Usage: 4571 MB



